
--- 2026-03-12T03:27:14.129Z debug
🪵  Writing logs to "/Users/jaz/Desktop/work-projects/agent exchange/.wrangler/logs/wrangler-2026-03-12_03-27-14_044.log"
---

--- 2026-03-12T03:27:14.129Z debug
.env file not found at "/Users/jaz/Desktop/work-projects/agent exchange/.env.local". Continuing... For more details, refer to https://developers.cloudflare.com/workers/wrangler/system-environment-variables/
---

--- 2026-03-12T03:27:14.133Z log

 ⛅️ wrangler 4.72.0
───────────────────
---

--- 2026-03-12T03:27:14.136Z debug
Metrics dispatcher: Posting data {"deviceId":"245b2653-e8ee-4bd1-bf88-c889d462bfc2","event":"wrangler command started","timestamp":1773286034136,"properties":{"amplitude_session_id":1773286034135,"amplitude_event_id":0,"wranglerVersion":"4.72.0","wranglerMajorVersion":4,"wranglerMinorVersion":72,"wranglerPatchVersion":0,"osPlatform":"Mac OS","osVersion":"Darwin Kernel Version 24.6.0: Mon Jul 14 11:30:40 PDT 2025; root:xnu-11417.140.69~1/RELEASE_ARM64_T8132","nodeVersion":25,"isFirstUsage":false,"configFileType":"json","isCI":false,"isPagesCI":false,"isWorkersCI":false,"isInteractive":false,"hasAssets":false,"agent":null,"argsUsed":[],"argsCombination":"","sanitizedCommand":"whoami","sanitizedArgs":{}}}
---

--- 2026-03-12T03:27:14.142Z log
Getting User settings...
---

--- 2026-03-12T03:27:14.147Z debug
-- START CF API REQUEST: GET https://api.cloudflare.com/client/v4/user
---

--- 2026-03-12T03:27:14.147Z debug
QUERY STRING: omitted; set WRANGLER_LOG_SANITIZE=false to include sanitized data
---

--- 2026-03-12T03:27:14.147Z debug
HEADERS: omitted; set WRANGLER_LOG_SANITIZE=false to include sanitized data
---

--- 2026-03-12T03:27:14.147Z debug
INIT: omitted; set WRANGLER_LOG_SANITIZE=false to include sanitized data
---

--- 2026-03-12T03:27:14.147Z debug
-- END CF API REQUEST
---
