
--- 2026-03-12T03:28:13.548Z debug
🪵  Writing logs to "/Users/jaz/Desktop/work-projects/agent exchange/.wrangler/logs/wrangler-2026-03-12_03-28-13_482.log"
---

--- 2026-03-12T03:28:13.548Z debug
.env file not found at "/Users/jaz/Desktop/work-projects/agent exchange/.env.local". Continuing... For more details, refer to https://developers.cloudflare.com/workers/wrangler/system-environment-variables/
---

--- 2026-03-12T03:28:13.551Z log

 ⛅️ wrangler 4.72.0
───────────────────
---

--- 2026-03-12T03:28:13.554Z debug
Metrics dispatcher: Posting data {"deviceId":"245b2653-e8ee-4bd1-bf88-c889d462bfc2","event":"wrangler command started","timestamp":1773286093553,"properties":{"amplitude_session_id":1773286093553,"amplitude_event_id":0,"wranglerVersion":"4.72.0","wranglerMajorVersion":4,"wranglerMinorVersion":72,"wranglerPatchVersion":0,"osPlatform":"Mac OS","osVersion":"Darwin Kernel Version 24.6.0: Mon Jul 14 11:30:40 PDT 2025; root:xnu-11417.140.69~1/RELEASE_ARM64_T8132","nodeVersion":25,"isFirstUsage":false,"configFileType":"json","isCI":false,"isPagesCI":false,"isWorkersCI":false,"isInteractive":false,"hasAssets":false,"agent":null,"argsUsed":[],"argsCombination":"","sanitizedCommand":"whoami","sanitizedArgs":{}}}
---

--- 2026-03-12T03:28:13.559Z log
Getting User settings...
---

--- 2026-03-12T03:28:13.564Z debug
-- START CF API REQUEST: GET https://api.cloudflare.com/client/v4/user
---

--- 2026-03-12T03:28:13.564Z debug
QUERY STRING: omitted; set WRANGLER_LOG_SANITIZE=false to include sanitized data
---

--- 2026-03-12T03:28:13.564Z debug
HEADERS: omitted; set WRANGLER_LOG_SANITIZE=false to include sanitized data
---

--- 2026-03-12T03:28:13.564Z debug
INIT: omitted; set WRANGLER_LOG_SANITIZE=false to include sanitized data
---

--- 2026-03-12T03:28:13.564Z debug
-- END CF API REQUEST
---

--- 2026-03-12T03:28:15.336Z debug
-- START CF API RESPONSE: OK 200
---

--- 2026-03-12T03:28:15.336Z debug
HEADERS: omitted; set WRANGLER_LOG_SANITIZE=false to include sanitized data
---

--- 2026-03-12T03:28:15.336Z debug
RESPONSE: omitted; set WRANGLER_LOG_SANITIZE=false to include sanitized data
---

--- 2026-03-12T03:28:15.337Z debug
-- END CF API RESPONSE
---

--- 2026-03-12T03:28:15.337Z debug
-- START CF API REQUEST: GET https://api.cloudflare.com/client/v4/accounts
---

--- 2026-03-12T03:28:15.337Z debug
QUERY STRING: omitted; set WRANGLER_LOG_SANITIZE=false to include sanitized data
---

--- 2026-03-12T03:28:15.337Z debug
HEADERS: omitted; set WRANGLER_LOG_SANITIZE=false to include sanitized data
---

--- 2026-03-12T03:28:15.337Z debug
INIT: omitted; set WRANGLER_LOG_SANITIZE=false to include sanitized data
---

--- 2026-03-12T03:28:15.337Z debug
-- END CF API REQUEST
---

--- 2026-03-12T03:28:15.691Z debug
-- START CF API RESPONSE: OK 200
---

--- 2026-03-12T03:28:15.691Z debug
HEADERS: omitted; set WRANGLER_LOG_SANITIZE=false to include sanitized data
---

--- 2026-03-12T03:28:15.691Z debug
RESPONSE: omitted; set WRANGLER_LOG_SANITIZE=false to include sanitized data
---

--- 2026-03-12T03:28:15.691Z debug
-- END CF API RESPONSE
---

--- 2026-03-12T03:28:15.692Z log
👋 You are logged in with an OAuth Token, associated with the email jazing14@gmail.com.
---

--- 2026-03-12T03:28:15.694Z log
┌──────────────────────────────┬──────────────────────────────────┐
│ Account Name                 │ Account ID                       │
├──────────────────────────────┼──────────────────────────────────┤
│ Jazing14@gmail.com's Account │ 12ba092394bed6dc56f9ef901c637f0a │
└──────────────────────────────┴──────────────────────────────────┘
---

--- 2026-03-12T03:28:15.694Z log
🔓 Token Permissions:
---

--- 2026-03-12T03:28:15.694Z log
Scope (Access)
---

--- 2026-03-12T03:28:15.694Z log
- account (read)
---

--- 2026-03-12T03:28:15.695Z log
- user (read)
---

--- 2026-03-12T03:28:15.695Z log
- workers (write)
---

--- 2026-03-12T03:28:15.695Z log
- workers_kv (write)
---

--- 2026-03-12T03:28:15.695Z log
- workers_routes (write)
---

--- 2026-03-12T03:28:15.695Z log
- workers_scripts (write)
---

--- 2026-03-12T03:28:15.695Z log
- workers_tail (read)
---

--- 2026-03-12T03:28:15.695Z log
- d1 (write)
---

--- 2026-03-12T03:28:15.695Z log
- pages (write)
---

--- 2026-03-12T03:28:15.695Z log
- zone (read)
---

--- 2026-03-12T03:28:15.695Z log
- ssl_certs (write)
---

--- 2026-03-12T03:28:15.695Z log
- ai (write)
---

--- 2026-03-12T03:28:15.695Z log
- ai-search (write)
---

--- 2026-03-12T03:28:15.695Z log
- ai-search (run)
---

--- 2026-03-12T03:28:15.695Z log
- queues (write)
---

--- 2026-03-12T03:28:15.695Z log
- pipelines (write)
---

--- 2026-03-12T03:28:15.696Z log
- secrets_store (write)
---

--- 2026-03-12T03:28:15.696Z log
- containers (write)
---

--- 2026-03-12T03:28:15.696Z log
- cloudchamber (write)
---

--- 2026-03-12T03:28:15.696Z log
- connectivity (admin)
---

--- 2026-03-12T03:28:15.696Z log
- offline_access 
---

--- 2026-03-12T03:28:15.697Z debug
Metrics dispatcher: Posting data {"deviceId":"245b2653-e8ee-4bd1-bf88-c889d462bfc2","event":"view accounts","timestamp":1773286095697,"properties":{"amplitude_session_id":1773286095696,"amplitude_event_id":0,"wranglerVersion":"4.72.0","wranglerMajorVersion":4,"wranglerMinorVersion":72,"wranglerPatchVersion":0,"osPlatform":"Mac OS","osVersion":"Darwin Kernel Version 24.6.0: Mon Jul 14 11:30:40 PDT 2025; root:xnu-11417.140.69~1/RELEASE_ARM64_T8132","nodeVersion":25,"isFirstUsage":false,"configFileType":"none","isCI":false,"isPagesCI":false,"isWorkersCI":false,"isInteractive":false,"hasAssets":false,"agent":null,"category":"Workers","os":"darwin:arm64"}}
---

--- 2026-03-12T03:28:15.697Z debug
Metrics dispatcher: Posting data {"deviceId":"245b2653-e8ee-4bd1-bf88-c889d462bfc2","event":"wrangler command completed","timestamp":1773286095697,"properties":{"amplitude_session_id":1773286093553,"amplitude_event_id":1,"wranglerVersion":"4.72.0","wranglerMajorVersion":4,"wranglerMinorVersion":72,"wranglerPatchVersion":0,"osPlatform":"Mac OS","osVersion":"Darwin Kernel Version 24.6.0: Mon Jul 14 11:30:40 PDT 2025; root:xnu-11417.140.69~1/RELEASE_ARM64_T8132","nodeVersion":25,"isFirstUsage":false,"configFileType":"json","isCI":false,"isPagesCI":false,"isWorkersCI":false,"isInteractive":false,"hasAssets":false,"agent":null,"argsUsed":[],"argsCombination":"","sanitizedCommand":"whoami","sanitizedArgs":{},"durationMs":2149}}
---
