
--- 2026-03-12T03:34:29.250Z debug
🪵  Writing logs to "/Users/jaz/Desktop/work-projects/agent exchange/.wrangler/logs/wrangler-2026-03-12_03-34-29_180.log"
---

--- 2026-03-12T03:34:29.250Z debug
.env file not found at "/Users/jaz/Desktop/work-projects/agent exchange/.env.local". Continuing... For more details, refer to https://developers.cloudflare.com/workers/wrangler/system-environment-variables/
---

--- 2026-03-12T03:34:29.253Z log

 ⛅️ wrangler 4.72.0
───────────────────
---

--- 2026-03-12T03:34:29.254Z debug
Metrics dispatcher: Posting data {"deviceId":"245b2653-e8ee-4bd1-bf88-c889d462bfc2","event":"wrangler command started","timestamp":1773286469254,"properties":{"amplitude_session_id":1773286469253,"amplitude_event_id":0,"wranglerVersion":"4.72.0","wranglerMajorVersion":4,"wranglerMinorVersion":72,"wranglerPatchVersion":0,"osPlatform":"Mac OS","osVersion":"Darwin Kernel Version 24.6.0: Mon Jul 14 11:30:40 PDT 2025; root:xnu-11417.140.69~1/RELEASE_ARM64_T8132","nodeVersion":25,"isFirstUsage":false,"configFileType":"none","isCI":false,"isPagesCI":false,"isWorkersCI":false,"isInteractive":false,"hasAssets":false,"agent":null,"argsUsed":["projectName"],"argsCombination":"projectName","sanitizedCommand":"pages deploy","sanitizedArgs":{}}}
---

--- 2026-03-12T03:34:29.273Z debug
Configuration file belonging to ⚡️ Pages ⚡️ project detected.
---

--- 2026-03-12T03:34:29.283Z debug
-- START CF API REQUEST: GET https://api.cloudflare.com/client/v4/accounts/12ba092394bed6dc56f9ef901c637f0a/pages/projects/ase
---

--- 2026-03-12T03:34:29.283Z debug
QUERY STRING: omitted; set WRANGLER_LOG_SANITIZE=false to include sanitized data
---

--- 2026-03-12T03:34:29.283Z debug
HEADERS: omitted; set WRANGLER_LOG_SANITIZE=false to include sanitized data
---

--- 2026-03-12T03:34:29.283Z debug
INIT: omitted; set WRANGLER_LOG_SANITIZE=false to include sanitized data
---

--- 2026-03-12T03:34:29.283Z debug
-- END CF API REQUEST
---

--- 2026-03-12T03:34:29.680Z debug
-- START CF API RESPONSE: OK 200
---

--- 2026-03-12T03:34:29.680Z debug
HEADERS: omitted; set WRANGLER_LOG_SANITIZE=false to include sanitized data
---

--- 2026-03-12T03:34:29.680Z debug
RESPONSE: omitted; set WRANGLER_LOG_SANITIZE=false to include sanitized data
---

--- 2026-03-12T03:34:29.680Z debug
-- END CF API RESPONSE
---

--- 2026-03-12T03:34:29.681Z debug
pages deploy: Detecting git repository information...
---

--- 2026-03-12T03:34:29.706Z debug
pages deploy: Git repository detected
---

--- 2026-03-12T03:34:29.731Z debug
pages deploy: Working directory dirty status: true
---

--- 2026-03-12T03:34:29.744Z debug
pages deploy: Detected branch: "main"
---

--- 2026-03-12T03:34:29.756Z debug
pages deploy: Detected commit hash: "98bbe90d7a5d0bbaac6de6f218fdea244de4693e"
---

--- 2026-03-12T03:34:29.824Z debug
pages deploy: Detected commit message: "Remove local database references and env var; docu..."
---

--- 2026-03-12T03:34:29.824Z debug
pages deploy: Git information summary - branch: main, commitHash: 98bbe90d7a5d0bbaac6de6f218fdea244de4693e, commitDirty: true
---

--- 2026-03-12T03:34:29.824Z debug
-- START CF API REQUEST: GET https://api.cloudflare.com/client/v4/accounts/12ba092394bed6dc56f9ef901c637f0a/pages/projects/ase
---

--- 2026-03-12T03:34:29.824Z debug
QUERY STRING: omitted; set WRANGLER_LOG_SANITIZE=false to include sanitized data
---

--- 2026-03-12T03:34:29.824Z debug
HEADERS: omitted; set WRANGLER_LOG_SANITIZE=false to include sanitized data
---

--- 2026-03-12T03:34:29.824Z debug
INIT: omitted; set WRANGLER_LOG_SANITIZE=false to include sanitized data
---

--- 2026-03-12T03:34:29.825Z debug
-- END CF API REQUEST
---

--- 2026-03-12T03:34:30.163Z debug
-- START CF API RESPONSE: OK 200
---

--- 2026-03-12T03:34:30.163Z debug
HEADERS: omitted; set WRANGLER_LOG_SANITIZE=false to include sanitized data
---

--- 2026-03-12T03:34:30.163Z debug
RESPONSE: omitted; set WRANGLER_LOG_SANITIZE=false to include sanitized data
---

--- 2026-03-12T03:34:30.163Z debug
-- END CF API RESPONSE
---

--- 2026-03-12T03:34:30.165Z debug
Configuration file belonging to ⚡️ Pages ⚡️ project detected.
---

--- 2026-03-12T03:34:30.208Z log
✨ Compiled Worker successfully
---

--- 2026-03-12T03:34:30.209Z debug
-- START CF API REQUEST: GET https://api.cloudflare.com/client/v4/accounts/12ba092394bed6dc56f9ef901c637f0a/pages/projects/ase/upload-token
---

--- 2026-03-12T03:34:30.209Z debug
QUERY STRING: omitted; set WRANGLER_LOG_SANITIZE=false to include sanitized data
---

--- 2026-03-12T03:34:30.209Z debug
HEADERS: omitted; set WRANGLER_LOG_SANITIZE=false to include sanitized data
---

--- 2026-03-12T03:34:30.209Z debug
INIT: omitted; set WRANGLER_LOG_SANITIZE=false to include sanitized data
---

--- 2026-03-12T03:34:30.209Z debug
-- END CF API REQUEST
---

--- 2026-03-12T03:34:34.917Z debug
-- START CF API RESPONSE: OK 200
---

--- 2026-03-12T03:34:34.917Z debug
HEADERS: omitted; set WRANGLER_LOG_SANITIZE=false to include sanitized data
---

--- 2026-03-12T03:34:34.917Z debug
RESPONSE: omitted; set WRANGLER_LOG_SANITIZE=false to include sanitized data
---

--- 2026-03-12T03:34:34.917Z debug
-- END CF API RESPONSE
---

--- 2026-03-12T03:34:34.925Z debug
-- START CF API REQUEST: GET https://api.cloudflare.com/client/v4/accounts/12ba092394bed6dc56f9ef901c637f0a/pages/projects/ase/upload-token
---

--- 2026-03-12T03:34:34.925Z debug
QUERY STRING: omitted; set WRANGLER_LOG_SANITIZE=false to include sanitized data
---

--- 2026-03-12T03:34:34.925Z debug
HEADERS: omitted; set WRANGLER_LOG_SANITIZE=false to include sanitized data
---

--- 2026-03-12T03:34:34.925Z debug
INIT: omitted; set WRANGLER_LOG_SANITIZE=false to include sanitized data
---

--- 2026-03-12T03:34:34.925Z debug
-- END CF API REQUEST
---

--- 2026-03-12T03:34:35.332Z debug
-- START CF API RESPONSE: OK 200
---

--- 2026-03-12T03:34:35.332Z debug
HEADERS: omitted; set WRANGLER_LOG_SANITIZE=false to include sanitized data
---

--- 2026-03-12T03:34:35.332Z debug
RESPONSE: omitted; set WRANGLER_LOG_SANITIZE=false to include sanitized data
---

--- 2026-03-12T03:34:35.332Z debug
-- END CF API RESPONSE
---

--- 2026-03-12T03:34:35.333Z debug
-- START CF API REQUEST: POST https://api.cloudflare.com/client/v4/pages/assets/check-missing
---

--- 2026-03-12T03:34:35.333Z debug
QUERY STRING: omitted; set WRANGLER_LOG_SANITIZE=false to include sanitized data
---

--- 2026-03-12T03:34:35.333Z debug
HEADERS: omitted; set WRANGLER_LOG_SANITIZE=false to include sanitized data
---

--- 2026-03-12T03:34:35.333Z debug
INIT: omitted; set WRANGLER_LOG_SANITIZE=false to include sanitized data
---

--- 2026-03-12T03:34:35.333Z debug
-- END CF API REQUEST
---

--- 2026-03-12T03:34:35.490Z debug
-- START CF API RESPONSE: OK 200
---

--- 2026-03-12T03:34:35.490Z debug
HEADERS: omitted; set WRANGLER_LOG_SANITIZE=false to include sanitized data
---

--- 2026-03-12T03:34:35.490Z debug
RESPONSE: omitted; set WRANGLER_LOG_SANITIZE=false to include sanitized data
---

--- 2026-03-12T03:34:35.490Z debug
-- END CF API RESPONSE
---

--- 2026-03-12T03:34:35.491Z log
Uploading... (1/1)
---

--- 2026-03-12T03:34:35.491Z log
✨ Success! Uploaded 0 files (1 already uploaded) (0.16 sec)

---

--- 2026-03-12T03:34:35.491Z debug
-- START CF API REQUEST: POST https://api.cloudflare.com/client/v4/pages/assets/upsert-hashes
---

--- 2026-03-12T03:34:35.491Z debug
QUERY STRING: omitted; set WRANGLER_LOG_SANITIZE=false to include sanitized data
---

--- 2026-03-12T03:34:35.491Z debug
HEADERS: omitted; set WRANGLER_LOG_SANITIZE=false to include sanitized data
---

--- 2026-03-12T03:34:35.491Z debug
INIT: omitted; set WRANGLER_LOG_SANITIZE=false to include sanitized data
---

--- 2026-03-12T03:34:35.491Z debug
-- END CF API REQUEST
---

--- 2026-03-12T03:34:36.326Z debug
-- START CF API RESPONSE: OK 200
---

--- 2026-03-12T03:34:36.326Z debug
HEADERS: omitted; set WRANGLER_LOG_SANITIZE=false to include sanitized data
---

--- 2026-03-12T03:34:36.326Z debug
RESPONSE: omitted; set WRANGLER_LOG_SANITIZE=false to include sanitized data
---

--- 2026-03-12T03:34:36.326Z debug
-- END CF API RESPONSE
---

--- 2026-03-12T03:34:36.327Z log
✨ Uploading _headers
---

--- 2026-03-12T03:34:36.333Z log
✨ Uploading Functions bundle
---

--- 2026-03-12T03:34:36.334Z debug
-- START CF API REQUEST: POST https://api.cloudflare.com/client/v4/accounts/12ba092394bed6dc56f9ef901c637f0a/pages/projects/ase/deployments
---

--- 2026-03-12T03:34:36.334Z debug
QUERY STRING: omitted; set WRANGLER_LOG_SANITIZE=false to include sanitized data
---

--- 2026-03-12T03:34:36.334Z debug
HEADERS: omitted; set WRANGLER_LOG_SANITIZE=false to include sanitized data
---

--- 2026-03-12T03:34:36.334Z debug
INIT: omitted; set WRANGLER_LOG_SANITIZE=false to include sanitized data
---

--- 2026-03-12T03:34:36.335Z debug
BODY: omitted; set WRANGLER_LOG_SANITIZE=false to include sanitized data
---

--- 2026-03-12T03:34:36.335Z debug
-- END CF API REQUEST
---

--- 2026-03-12T03:34:39.489Z debug
-- START CF API RESPONSE: OK 200
---

--- 2026-03-12T03:34:39.490Z debug
HEADERS: omitted; set WRANGLER_LOG_SANITIZE=false to include sanitized data
---

--- 2026-03-12T03:34:39.490Z debug
RESPONSE: omitted; set WRANGLER_LOG_SANITIZE=false to include sanitized data
---

--- 2026-03-12T03:34:39.490Z debug
-- END CF API RESPONSE
---

--- 2026-03-12T03:34:39.491Z debug
Saving to cache: {"account_id":"12ba092394bed6dc56f9ef901c637f0a","project_name":"ase"}
---

--- 2026-03-12T03:34:39.492Z log
🌎 Deploying...
---

--- 2026-03-12T03:34:40.494Z debug
attempt #1: Attempting to fetch status for deployment with id "b5fd4cc9-c772-40c7-8c32-76273d0c76a6" ...
---

--- 2026-03-12T03:34:40.494Z debug
-- START CF API REQUEST: GET https://api.cloudflare.com/client/v4/accounts/12ba092394bed6dc56f9ef901c637f0a/pages/projects/ase/deployments/b5fd4cc9-c772-40c7-8c32-76273d0c76a6
---

--- 2026-03-12T03:34:40.494Z debug
QUERY STRING: omitted; set WRANGLER_LOG_SANITIZE=false to include sanitized data
---

--- 2026-03-12T03:34:40.494Z debug
HEADERS: omitted; set WRANGLER_LOG_SANITIZE=false to include sanitized data
---

--- 2026-03-12T03:34:40.494Z debug
INIT: omitted; set WRANGLER_LOG_SANITIZE=false to include sanitized data
---

--- 2026-03-12T03:34:40.494Z debug
-- END CF API REQUEST
---

--- 2026-03-12T03:34:41.559Z debug
-- START CF API RESPONSE: OK 200
---

--- 2026-03-12T03:34:41.559Z debug
HEADERS: omitted; set WRANGLER_LOG_SANITIZE=false to include sanitized data
---

--- 2026-03-12T03:34:41.559Z debug
RESPONSE: omitted; set WRANGLER_LOG_SANITIZE=false to include sanitized data
---

--- 2026-03-12T03:34:41.559Z debug
-- END CF API RESPONSE
---

--- 2026-03-12T03:34:43.561Z debug
attempt #2: Attempting to fetch status for deployment with id "b5fd4cc9-c772-40c7-8c32-76273d0c76a6" ...
---

--- 2026-03-12T03:34:43.561Z debug
-- START CF API REQUEST: GET https://api.cloudflare.com/client/v4/accounts/12ba092394bed6dc56f9ef901c637f0a/pages/projects/ase/deployments/b5fd4cc9-c772-40c7-8c32-76273d0c76a6
---

--- 2026-03-12T03:34:43.561Z debug
QUERY STRING: omitted; set WRANGLER_LOG_SANITIZE=false to include sanitized data
---

--- 2026-03-12T03:34:43.561Z debug
HEADERS: omitted; set WRANGLER_LOG_SANITIZE=false to include sanitized data
---

--- 2026-03-12T03:34:43.561Z debug
INIT: omitted; set WRANGLER_LOG_SANITIZE=false to include sanitized data
---

--- 2026-03-12T03:34:43.561Z debug
-- END CF API REQUEST
---

--- 2026-03-12T03:34:43.947Z debug
-- START CF API RESPONSE: OK 200
---

--- 2026-03-12T03:34:43.947Z debug
HEADERS: omitted; set WRANGLER_LOG_SANITIZE=false to include sanitized data
---

--- 2026-03-12T03:34:43.947Z debug
RESPONSE: omitted; set WRANGLER_LOG_SANITIZE=false to include sanitized data
---

--- 2026-03-12T03:34:43.947Z debug
-- END CF API RESPONSE
---

--- 2026-03-12T03:34:43.948Z log
✨ Deployment complete! Take a peek over at https://b5fd4cc9.ase-8tk.pages.dev
---

--- 2026-03-12T03:34:43.950Z debug
Metrics dispatcher: Posting data {"deviceId":"245b2653-e8ee-4bd1-bf88-c889d462bfc2","event":"create pages deployment","timestamp":1773286483949,"properties":{"amplitude_session_id":1773286483948,"amplitude_event_id":0,"wranglerVersion":"4.72.0","wranglerMajorVersion":4,"wranglerMinorVersion":72,"wranglerPatchVersion":0,"osPlatform":"Mac OS","osVersion":"Darwin Kernel Version 24.6.0: Mon Jul 14 11:30:40 PDT 2025; root:xnu-11417.140.69~1/RELEASE_ARM64_T8132","nodeVersion":25,"isFirstUsage":false,"configFileType":"none","isCI":false,"isPagesCI":false,"isWorkersCI":false,"isInteractive":false,"hasAssets":false,"agent":null,"category":"Workers","os":"darwin:arm64"}}
---

--- 2026-03-12T03:34:43.952Z debug
Metrics dispatcher: Posting data {"deviceId":"245b2653-e8ee-4bd1-bf88-c889d462bfc2","event":"wrangler command completed","timestamp":1773286483951,"properties":{"amplitude_session_id":1773286469253,"amplitude_event_id":1,"wranglerVersion":"4.72.0","wranglerMajorVersion":4,"wranglerMinorVersion":72,"wranglerPatchVersion":0,"osPlatform":"Mac OS","osVersion":"Darwin Kernel Version 24.6.0: Mon Jul 14 11:30:40 PDT 2025; root:xnu-11417.140.69~1/RELEASE_ARM64_T8132","nodeVersion":25,"isFirstUsage":false,"configFileType":"none","isCI":false,"isPagesCI":false,"isWorkersCI":false,"isInteractive":false,"hasAssets":false,"agent":null,"argsUsed":["projectName"],"argsCombination":"projectName","sanitizedCommand":"pages deploy","sanitizedArgs":{},"durationMs":14700}}
---
