
--- 2026-03-12T03:36:29.196Z debug
🪵  Writing logs to "/Users/jaz/Desktop/work-projects/agent exchange/.wrangler/logs/wrangler-2026-03-12_03-36-29_131.log"
---

--- 2026-03-12T03:36:29.196Z debug
.env file not found at "/Users/jaz/Desktop/work-projects/agent exchange/.env.local". Continuing... For more details, refer to https://developers.cloudflare.com/workers/wrangler/system-environment-variables/
---

--- 2026-03-12T03:36:29.199Z log

 ⛅️ wrangler 4.72.0
───────────────────
---

--- 2026-03-12T03:36:29.200Z debug
Metrics dispatcher: Posting data {"deviceId":"245b2653-e8ee-4bd1-bf88-c889d462bfc2","event":"wrangler command started","timestamp":1773286589200,"properties":{"amplitude_session_id":1773286589200,"amplitude_event_id":0,"wranglerVersion":"4.72.0","wranglerMajorVersion":4,"wranglerMinorVersion":72,"wranglerPatchVersion":0,"osPlatform":"Mac OS","osVersion":"Darwin Kernel Version 24.6.0: Mon Jul 14 11:30:40 PDT 2025; root:xnu-11417.140.69~1/RELEASE_ARM64_T8132","nodeVersion":25,"isFirstUsage":false,"configFileType":"none","isCI":false,"isPagesCI":false,"isWorkersCI":false,"isInteractive":false,"hasAssets":false,"agent":null,"argsUsed":["projectName"],"argsCombination":"projectName","sanitizedCommand":"pages deploy","sanitizedArgs":{}}}
---

--- 2026-03-12T03:36:29.207Z debug
Configuration file belonging to ⚡️ Pages ⚡️ project detected.
---

--- 2026-03-12T03:36:29.212Z debug
-- START CF API REQUEST: GET https://api.cloudflare.com/client/v4/accounts/12ba092394bed6dc56f9ef901c637f0a/pages/projects/ase
---

--- 2026-03-12T03:36:29.212Z debug
QUERY STRING: omitted; set WRANGLER_LOG_SANITIZE=false to include sanitized data
---

--- 2026-03-12T03:36:29.212Z debug
HEADERS: omitted; set WRANGLER_LOG_SANITIZE=false to include sanitized data
---

--- 2026-03-12T03:36:29.212Z debug
INIT: omitted; set WRANGLER_LOG_SANITIZE=false to include sanitized data
---

--- 2026-03-12T03:36:29.212Z debug
-- END CF API REQUEST
---

--- 2026-03-12T03:36:29.522Z debug
-- START CF API RESPONSE: OK 200
---

--- 2026-03-12T03:36:29.523Z debug
HEADERS: omitted; set WRANGLER_LOG_SANITIZE=false to include sanitized data
---

--- 2026-03-12T03:36:29.523Z debug
RESPONSE: omitted; set WRANGLER_LOG_SANITIZE=false to include sanitized data
---

--- 2026-03-12T03:36:29.523Z debug
-- END CF API RESPONSE
---

--- 2026-03-12T03:36:29.524Z debug
pages deploy: Detecting git repository information...
---

--- 2026-03-12T03:36:29.547Z debug
pages deploy: Git repository detected
---

--- 2026-03-12T03:36:29.570Z debug
pages deploy: Working directory dirty status: true
---

--- 2026-03-12T03:36:29.582Z debug
pages deploy: Detected branch: "main"
---

--- 2026-03-12T03:36:29.593Z debug
pages deploy: Detected commit hash: "98bbe90d7a5d0bbaac6de6f218fdea244de4693e"
---

--- 2026-03-12T03:36:29.665Z debug
pages deploy: Detected commit message: "Remove local database references and env var; docu..."
---

--- 2026-03-12T03:36:29.665Z debug
pages deploy: Git information summary - branch: main, commitHash: 98bbe90d7a5d0bbaac6de6f218fdea244de4693e, commitDirty: true
---

--- 2026-03-12T03:36:29.666Z debug
-- START CF API REQUEST: GET https://api.cloudflare.com/client/v4/accounts/12ba092394bed6dc56f9ef901c637f0a/pages/projects/ase
---

--- 2026-03-12T03:36:29.666Z debug
QUERY STRING: omitted; set WRANGLER_LOG_SANITIZE=false to include sanitized data
---

--- 2026-03-12T03:36:29.666Z debug
HEADERS: omitted; set WRANGLER_LOG_SANITIZE=false to include sanitized data
---

--- 2026-03-12T03:36:29.666Z debug
INIT: omitted; set WRANGLER_LOG_SANITIZE=false to include sanitized data
---

--- 2026-03-12T03:36:29.666Z debug
-- END CF API REQUEST
---

--- 2026-03-12T03:36:30.434Z debug
-- START CF API RESPONSE: OK 200
---

--- 2026-03-12T03:36:30.434Z debug
HEADERS: omitted; set WRANGLER_LOG_SANITIZE=false to include sanitized data
---

--- 2026-03-12T03:36:30.434Z debug
RESPONSE: omitted; set WRANGLER_LOG_SANITIZE=false to include sanitized data
---

--- 2026-03-12T03:36:30.434Z debug
-- END CF API RESPONSE
---

--- 2026-03-12T03:36:30.437Z debug
Configuration file belonging to ⚡️ Pages ⚡️ project detected.
---

--- 2026-03-12T03:36:30.486Z log
✨ Compiled Worker successfully
---

--- 2026-03-12T03:36:30.486Z debug
-- START CF API REQUEST: GET https://api.cloudflare.com/client/v4/accounts/12ba092394bed6dc56f9ef901c637f0a/pages/projects/ase/upload-token
---

--- 2026-03-12T03:36:30.486Z debug
QUERY STRING: omitted; set WRANGLER_LOG_SANITIZE=false to include sanitized data
---

--- 2026-03-12T03:36:30.486Z debug
HEADERS: omitted; set WRANGLER_LOG_SANITIZE=false to include sanitized data
---

--- 2026-03-12T03:36:30.486Z debug
INIT: omitted; set WRANGLER_LOG_SANITIZE=false to include sanitized data
---

--- 2026-03-12T03:36:30.486Z debug
-- END CF API REQUEST
---

--- 2026-03-12T03:36:30.784Z debug
-- START CF API RESPONSE: OK 200
---

--- 2026-03-12T03:36:30.784Z debug
HEADERS: omitted; set WRANGLER_LOG_SANITIZE=false to include sanitized data
---

--- 2026-03-12T03:36:30.784Z debug
RESPONSE: omitted; set WRANGLER_LOG_SANITIZE=false to include sanitized data
---

--- 2026-03-12T03:36:30.784Z debug
-- END CF API RESPONSE
---

--- 2026-03-12T03:36:30.792Z debug
-- START CF API REQUEST: GET https://api.cloudflare.com/client/v4/accounts/12ba092394bed6dc56f9ef901c637f0a/pages/projects/ase/upload-token
---

--- 2026-03-12T03:36:30.792Z debug
QUERY STRING: omitted; set WRANGLER_LOG_SANITIZE=false to include sanitized data
---

--- 2026-03-12T03:36:30.792Z debug
HEADERS: omitted; set WRANGLER_LOG_SANITIZE=false to include sanitized data
---

--- 2026-03-12T03:36:30.792Z debug
INIT: omitted; set WRANGLER_LOG_SANITIZE=false to include sanitized data
---

--- 2026-03-12T03:36:30.792Z debug
-- END CF API REQUEST
---

--- 2026-03-12T03:36:31.640Z debug
-- START CF API RESPONSE: OK 200
---

--- 2026-03-12T03:36:31.640Z debug
HEADERS: omitted; set WRANGLER_LOG_SANITIZE=false to include sanitized data
---

--- 2026-03-12T03:36:31.640Z debug
RESPONSE: omitted; set WRANGLER_LOG_SANITIZE=false to include sanitized data
---

--- 2026-03-12T03:36:31.640Z debug
-- END CF API RESPONSE
---

--- 2026-03-12T03:36:31.641Z debug
-- START CF API REQUEST: POST https://api.cloudflare.com/client/v4/pages/assets/check-missing
---

--- 2026-03-12T03:36:31.641Z debug
QUERY STRING: omitted; set WRANGLER_LOG_SANITIZE=false to include sanitized data
---

--- 2026-03-12T03:36:31.641Z debug
HEADERS: omitted; set WRANGLER_LOG_SANITIZE=false to include sanitized data
---

--- 2026-03-12T03:36:31.641Z debug
INIT: omitted; set WRANGLER_LOG_SANITIZE=false to include sanitized data
---

--- 2026-03-12T03:36:31.641Z debug
-- END CF API REQUEST
---

--- 2026-03-12T03:36:31.964Z debug
-- START CF API RESPONSE: OK 200
---

--- 2026-03-12T03:36:31.965Z debug
HEADERS: omitted; set WRANGLER_LOG_SANITIZE=false to include sanitized data
---

--- 2026-03-12T03:36:31.965Z debug
RESPONSE: omitted; set WRANGLER_LOG_SANITIZE=false to include sanitized data
---

--- 2026-03-12T03:36:31.965Z debug
-- END CF API RESPONSE
---

--- 2026-03-12T03:36:31.965Z log
Uploading... (1/1)
---

--- 2026-03-12T03:36:31.966Z log
✨ Success! Uploaded 0 files (1 already uploaded) (0.33 sec)

---

--- 2026-03-12T03:36:31.966Z debug
-- START CF API REQUEST: POST https://api.cloudflare.com/client/v4/pages/assets/upsert-hashes
---

--- 2026-03-12T03:36:31.966Z debug
QUERY STRING: omitted; set WRANGLER_LOG_SANITIZE=false to include sanitized data
---

--- 2026-03-12T03:36:31.966Z debug
HEADERS: omitted; set WRANGLER_LOG_SANITIZE=false to include sanitized data
---

--- 2026-03-12T03:36:31.966Z debug
INIT: omitted; set WRANGLER_LOG_SANITIZE=false to include sanitized data
---

--- 2026-03-12T03:36:31.966Z debug
-- END CF API REQUEST
---

--- 2026-03-12T03:36:32.476Z debug
-- START CF API RESPONSE: OK 200
---

--- 2026-03-12T03:36:32.476Z debug
HEADERS: omitted; set WRANGLER_LOG_SANITIZE=false to include sanitized data
---

--- 2026-03-12T03:36:32.476Z debug
RESPONSE: omitted; set WRANGLER_LOG_SANITIZE=false to include sanitized data
---

--- 2026-03-12T03:36:32.476Z debug
-- END CF API RESPONSE
---

--- 2026-03-12T03:36:32.476Z log
✨ Uploading _headers
---

--- 2026-03-12T03:36:32.478Z log
✨ Uploading Functions bundle
---

--- 2026-03-12T03:36:32.478Z debug
-- START CF API REQUEST: POST https://api.cloudflare.com/client/v4/accounts/12ba092394bed6dc56f9ef901c637f0a/pages/projects/ase/deployments
---

--- 2026-03-12T03:36:32.478Z debug
QUERY STRING: omitted; set WRANGLER_LOG_SANITIZE=false to include sanitized data
---

--- 2026-03-12T03:36:32.478Z debug
HEADERS: omitted; set WRANGLER_LOG_SANITIZE=false to include sanitized data
---

--- 2026-03-12T03:36:32.478Z debug
INIT: omitted; set WRANGLER_LOG_SANITIZE=false to include sanitized data
---

--- 2026-03-12T03:36:32.479Z debug
BODY: omitted; set WRANGLER_LOG_SANITIZE=false to include sanitized data
---

--- 2026-03-12T03:36:32.479Z debug
-- END CF API REQUEST
---

--- 2026-03-12T03:36:34.117Z debug
-- START CF API RESPONSE: OK 200
---

--- 2026-03-12T03:36:34.117Z debug
HEADERS: omitted; set WRANGLER_LOG_SANITIZE=false to include sanitized data
---

--- 2026-03-12T03:36:34.117Z debug
RESPONSE: omitted; set WRANGLER_LOG_SANITIZE=false to include sanitized data
---

--- 2026-03-12T03:36:34.117Z debug
-- END CF API RESPONSE
---

--- 2026-03-12T03:36:34.118Z debug
Saving to cache: {"account_id":"12ba092394bed6dc56f9ef901c637f0a","project_name":"ase"}
---

--- 2026-03-12T03:36:34.119Z log
🌎 Deploying...
---

--- 2026-03-12T03:36:35.121Z debug
attempt #1: Attempting to fetch status for deployment with id "07548e25-be47-4b6b-8c87-017e69f5a3af" ...
---

--- 2026-03-12T03:36:35.121Z debug
-- START CF API REQUEST: GET https://api.cloudflare.com/client/v4/accounts/12ba092394bed6dc56f9ef901c637f0a/pages/projects/ase/deployments/07548e25-be47-4b6b-8c87-017e69f5a3af
---

--- 2026-03-12T03:36:35.121Z debug
QUERY STRING: omitted; set WRANGLER_LOG_SANITIZE=false to include sanitized data
---

--- 2026-03-12T03:36:35.121Z debug
HEADERS: omitted; set WRANGLER_LOG_SANITIZE=false to include sanitized data
---

--- 2026-03-12T03:36:35.121Z debug
INIT: omitted; set WRANGLER_LOG_SANITIZE=false to include sanitized data
---

--- 2026-03-12T03:36:35.121Z debug
-- END CF API REQUEST
---

--- 2026-03-12T03:36:35.553Z debug
-- START CF API RESPONSE: OK 200
---

--- 2026-03-12T03:36:35.553Z debug
HEADERS: omitted; set WRANGLER_LOG_SANITIZE=false to include sanitized data
---

--- 2026-03-12T03:36:35.553Z debug
RESPONSE: omitted; set WRANGLER_LOG_SANITIZE=false to include sanitized data
---

--- 2026-03-12T03:36:35.553Z debug
-- END CF API RESPONSE
---

--- 2026-03-12T03:36:37.555Z debug
attempt #2: Attempting to fetch status for deployment with id "07548e25-be47-4b6b-8c87-017e69f5a3af" ...
---

--- 2026-03-12T03:36:37.555Z debug
-- START CF API REQUEST: GET https://api.cloudflare.com/client/v4/accounts/12ba092394bed6dc56f9ef901c637f0a/pages/projects/ase/deployments/07548e25-be47-4b6b-8c87-017e69f5a3af
---

--- 2026-03-12T03:36:37.555Z debug
QUERY STRING: omitted; set WRANGLER_LOG_SANITIZE=false to include sanitized data
---

--- 2026-03-12T03:36:37.555Z debug
HEADERS: omitted; set WRANGLER_LOG_SANITIZE=false to include sanitized data
---

--- 2026-03-12T03:36:37.555Z debug
INIT: omitted; set WRANGLER_LOG_SANITIZE=false to include sanitized data
---

--- 2026-03-12T03:36:37.555Z debug
-- END CF API REQUEST
---

--- 2026-03-12T03:36:39.493Z debug
-- START CF API RESPONSE: OK 200
---

--- 2026-03-12T03:36:39.494Z debug
HEADERS: omitted; set WRANGLER_LOG_SANITIZE=false to include sanitized data
---

--- 2026-03-12T03:36:39.494Z debug
RESPONSE: omitted; set WRANGLER_LOG_SANITIZE=false to include sanitized data
---

--- 2026-03-12T03:36:39.494Z debug
-- END CF API RESPONSE
---

--- 2026-03-12T03:36:39.494Z log
✨ Deployment complete! Take a peek over at https://07548e25.ase-8tk.pages.dev
---

--- 2026-03-12T03:36:39.496Z debug
Metrics dispatcher: Posting data {"deviceId":"245b2653-e8ee-4bd1-bf88-c889d462bfc2","event":"create pages deployment","timestamp":1773286599496,"properties":{"amplitude_session_id":1773286599494,"amplitude_event_id":0,"wranglerVersion":"4.72.0","wranglerMajorVersion":4,"wranglerMinorVersion":72,"wranglerPatchVersion":0,"osPlatform":"Mac OS","osVersion":"Darwin Kernel Version 24.6.0: Mon Jul 14 11:30:40 PDT 2025; root:xnu-11417.140.69~1/RELEASE_ARM64_T8132","nodeVersion":25,"isFirstUsage":false,"configFileType":"none","isCI":false,"isPagesCI":false,"isWorkersCI":false,"isInteractive":false,"hasAssets":false,"agent":null,"category":"Workers","os":"darwin:arm64"}}
---

--- 2026-03-12T03:36:39.499Z debug
Metrics dispatcher: Posting data {"deviceId":"245b2653-e8ee-4bd1-bf88-c889d462bfc2","event":"wrangler command completed","timestamp":1773286599499,"properties":{"amplitude_session_id":1773286589200,"amplitude_event_id":1,"wranglerVersion":"4.72.0","wranglerMajorVersion":4,"wranglerMinorVersion":72,"wranglerPatchVersion":0,"osPlatform":"Mac OS","osVersion":"Darwin Kernel Version 24.6.0: Mon Jul 14 11:30:40 PDT 2025; root:xnu-11417.140.69~1/RELEASE_ARM64_T8132","nodeVersion":25,"isFirstUsage":false,"configFileType":"none","isCI":false,"isPagesCI":false,"isWorkersCI":false,"isInteractive":false,"hasAssets":false,"agent":null,"argsUsed":["projectName"],"argsCombination":"projectName","sanitizedCommand":"pages deploy","sanitizedArgs":{},"durationMs":10301}}
---
