
--- 2026-03-12T03:36:22.150Z debug
🪵  Writing logs to "/Users/jaz/Desktop/work-projects/agent exchange/.wrangler/logs/wrangler-2026-03-12_03-36-22_058.log"
---

--- 2026-03-12T03:36:22.150Z debug
.env file not found at "/Users/jaz/Desktop/work-projects/agent exchange/.env.local". Continuing... For more details, refer to https://developers.cloudflare.com/workers/wrangler/system-environment-variables/
---

--- 2026-03-12T03:36:22.153Z log

 ⛅️ wrangler 4.72.0
───────────────────
---

--- 2026-03-12T03:36:22.155Z debug
Metrics dispatcher: Posting data {"deviceId":"245b2653-e8ee-4bd1-bf88-c889d462bfc2","event":"wrangler command started","timestamp":1773286582155,"properties":{"amplitude_session_id":1773286582153,"amplitude_event_id":0,"wranglerVersion":"4.72.0","wranglerMajorVersion":4,"wranglerMinorVersion":72,"wranglerPatchVersion":0,"osPlatform":"Mac OS","osVersion":"Darwin Kernel Version 24.6.0: Mon Jul 14 11:30:40 PDT 2025; root:xnu-11417.140.69~1/RELEASE_ARM64_T8132","nodeVersion":25,"isFirstUsage":false,"configFileType":"none","isCI":false,"isPagesCI":false,"isWorkersCI":false,"isInteractive":true,"hasAssets":false,"agent":null,"argsUsed":["projectName"],"argsCombination":"projectName","sanitizedCommand":"pages secret put","sanitizedArgs":{}}}
---

--- 2026-03-12T03:36:22.164Z debug
Configuration file belonging to ⚡️ Pages ⚡️ project detected.
---

--- 2026-03-12T03:36:22.164Z debug
Retrieving cached values for account_id and project_name from node_modules/.cache/wrangler
---

--- 2026-03-12T03:36:22.169Z debug
-- START CF API REQUEST: GET https://api.cloudflare.com/client/v4/accounts/12ba092394bed6dc56f9ef901c637f0a/pages/projects/ase
---

--- 2026-03-12T03:36:22.169Z debug
QUERY STRING: omitted; set WRANGLER_LOG_SANITIZE=false to include sanitized data
---

--- 2026-03-12T03:36:22.169Z debug
HEADERS: omitted; set WRANGLER_LOG_SANITIZE=false to include sanitized data
---

--- 2026-03-12T03:36:22.169Z debug
INIT: omitted; set WRANGLER_LOG_SANITIZE=false to include sanitized data
---

--- 2026-03-12T03:36:22.169Z debug
-- END CF API REQUEST
---

--- 2026-03-12T03:36:22.476Z debug
-- START CF API RESPONSE: OK 200
---

--- 2026-03-12T03:36:22.476Z debug
HEADERS: omitted; set WRANGLER_LOG_SANITIZE=false to include sanitized data
---

--- 2026-03-12T03:36:22.476Z debug
RESPONSE: omitted; set WRANGLER_LOG_SANITIZE=false to include sanitized data
---

--- 2026-03-12T03:36:22.476Z debug
-- END CF API RESPONSE
---

--- 2026-03-12T03:36:24.460Z log
🌀 Creating the secret for the Pages project "ase" (production)
---

--- 2026-03-12T03:36:24.460Z debug
-- START CF API REQUEST: PATCH https://api.cloudflare.com/client/v4/accounts/12ba092394bed6dc56f9ef901c637f0a/pages/projects/ase
---

--- 2026-03-12T03:36:24.460Z debug
QUERY STRING: omitted; set WRANGLER_LOG_SANITIZE=false to include sanitized data
---

--- 2026-03-12T03:36:24.461Z debug
HEADERS: omitted; set WRANGLER_LOG_SANITIZE=false to include sanitized data
---

--- 2026-03-12T03:36:24.461Z debug
INIT: omitted; set WRANGLER_LOG_SANITIZE=false to include sanitized data
---

--- 2026-03-12T03:36:24.461Z debug
-- END CF API REQUEST
---

--- 2026-03-12T03:36:24.682Z debug
-- START CF API RESPONSE: OK 200
---

--- 2026-03-12T03:36:24.682Z debug
HEADERS: omitted; set WRANGLER_LOG_SANITIZE=false to include sanitized data
---

--- 2026-03-12T03:36:24.682Z debug
RESPONSE: omitted; set WRANGLER_LOG_SANITIZE=false to include sanitized data
---

--- 2026-03-12T03:36:24.682Z debug
-- END CF API RESPONSE
---

--- 2026-03-12T03:36:24.683Z debug
Metrics dispatcher: Posting data {"deviceId":"245b2653-e8ee-4bd1-bf88-c889d462bfc2","event":"create pages encrypted variable","timestamp":1773286584683,"properties":{"amplitude_session_id":1773286584682,"amplitude_event_id":0,"wranglerVersion":"4.72.0","wranglerMajorVersion":4,"wranglerMinorVersion":72,"wranglerPatchVersion":0,"osPlatform":"Mac OS","osVersion":"Darwin Kernel Version 24.6.0: Mon Jul 14 11:30:40 PDT 2025; root:xnu-11417.140.69~1/RELEASE_ARM64_T8132","nodeVersion":25,"isFirstUsage":false,"configFileType":"none","isCI":false,"isPagesCI":false,"isWorkersCI":false,"isInteractive":true,"hasAssets":false,"agent":null,"category":"Workers","os":"darwin:arm64","secretOperation":"single","secretSource":"interactive","hasEnvironment":false}}
---

--- 2026-03-12T03:36:24.683Z log
✨ Success! Uploaded secret EMAIL_FROM_NAME
---

--- 2026-03-12T03:36:24.683Z debug
Metrics dispatcher: Posting data {"deviceId":"245b2653-e8ee-4bd1-bf88-c889d462bfc2","event":"wrangler command completed","timestamp":1773286584683,"properties":{"amplitude_session_id":1773286582153,"amplitude_event_id":1,"wranglerVersion":"4.72.0","wranglerMajorVersion":4,"wranglerMinorVersion":72,"wranglerPatchVersion":0,"osPlatform":"Mac OS","osVersion":"Darwin Kernel Version 24.6.0: Mon Jul 14 11:30:40 PDT 2025; root:xnu-11417.140.69~1/RELEASE_ARM64_T8132","nodeVersion":25,"isFirstUsage":false,"configFileType":"none","isCI":false,"isPagesCI":false,"isWorkersCI":false,"isInteractive":true,"hasAssets":false,"agent":null,"argsUsed":["projectName"],"argsCombination":"projectName","sanitizedCommand":"pages secret put","sanitizedArgs":{},"durationMs":2532}}
---
