
--- 2026-03-12T03:29:06.666Z debug
🪵  Writing logs to "/Users/jaz/Desktop/work-projects/agent exchange/.wrangler/logs/wrangler-2026-03-12_03-29-06_597.log"
---

--- 2026-03-12T03:29:06.666Z debug
.env file not found at "/Users/jaz/Desktop/work-projects/agent exchange/.env.local". Continuing... For more details, refer to https://developers.cloudflare.com/workers/wrangler/system-environment-variables/
---

--- 2026-03-12T03:29:06.669Z log

 ⛅️ wrangler 4.72.0
───────────────────
---

--- 2026-03-12T03:29:06.670Z log
Resource location: local 

---

--- 2026-03-12T03:29:06.670Z log
Use --remote if you want to access the remote instance.

---

--- 2026-03-12T03:29:06.673Z debug
Metrics dispatcher: Posting data {"deviceId":"245b2653-e8ee-4bd1-bf88-c889d462bfc2","event":"wrangler command started","timestamp":1773286146673,"properties":{"amplitude_session_id":1773286146672,"amplitude_event_id":0,"wranglerVersion":"4.72.0","wranglerMajorVersion":4,"wranglerMinorVersion":72,"wranglerPatchVersion":0,"osPlatform":"Mac OS","osVersion":"Darwin Kernel Version 24.6.0: Mon Jul 14 11:30:40 PDT 2025; root:xnu-11417.140.69~1/RELEASE_ARM64_T8132","nodeVersion":25,"isFirstUsage":false,"configFileType":"json","isCI":false,"isPagesCI":false,"isWorkersCI":false,"isInteractive":false,"hasAssets":false,"agent":null,"argsUsed":[],"argsCombination":"","sanitizedCommand":"d1 migrations apply","sanitizedArgs":{}}}
---

--- 2026-03-12T03:29:06.684Z log
🌀 Executing on local database database (8f4c4163-0e2c-40c0-beb9-47f5dbc1e3ac) from .wrangler/state/v3/d1:
---

--- 2026-03-12T03:29:06.684Z log
🌀 To execute on your remote database, add a --remote flag to your wrangler command.
---

--- 2026-03-12T03:29:06.967Z log
🚣 1 command executed successfully.
---

--- 2026-03-12T03:29:06.967Z log
🌀 Executing on local database database (8f4c4163-0e2c-40c0-beb9-47f5dbc1e3ac) from .wrangler/state/v3/d1:
---

--- 2026-03-12T03:29:06.967Z log
🌀 To execute on your remote database, add a --remote flag to your wrangler command.
---

--- 2026-03-12T03:29:07.044Z log
🚣 1 command executed successfully.
---

--- 2026-03-12T03:29:07.044Z log
Migrations to be applied:
---

--- 2026-03-12T03:29:07.047Z log
┌─────────────────────────┐
│ name                    │
├─────────────────────────┤
│ 0001_waitlist_users.sql │
└─────────────────────────┘
---

--- 2026-03-12T03:29:07.047Z log
? About to apply 1 migration(s)
Your database may not be available to serve requests during the migration, continue?
---

--- 2026-03-12T03:29:07.047Z log
🤖 Using fallback value in non-interactive context: yes
---

--- 2026-03-12T03:29:07.047Z log
🌀 Executing on local database database (8f4c4163-0e2c-40c0-beb9-47f5dbc1e3ac) from .wrangler/state/v3/d1:
---

--- 2026-03-12T03:29:07.047Z log
🌀 To execute on your remote database, add a --remote flag to your wrangler command.
---

--- 2026-03-12T03:29:07.131Z log
🚣 4 commands executed successfully.
---

--- 2026-03-12T03:29:07.132Z log
┌─────────────────────────┬────────┐
│ name                    │ status │
├─────────────────────────┼────────┤
│ 0001_waitlist_users.sql │ ✅     │
└─────────────────────────┴────────┘
---

--- 2026-03-12T03:29:07.132Z debug
Metrics dispatcher: Posting data {"deviceId":"245b2653-e8ee-4bd1-bf88-c889d462bfc2","event":"wrangler command completed","timestamp":1773286147132,"properties":{"amplitude_session_id":1773286146672,"amplitude_event_id":1,"wranglerVersion":"4.72.0","wranglerMajorVersion":4,"wranglerMinorVersion":72,"wranglerPatchVersion":0,"osPlatform":"Mac OS","osVersion":"Darwin Kernel Version 24.6.0: Mon Jul 14 11:30:40 PDT 2025; root:xnu-11417.140.69~1/RELEASE_ARM64_T8132","nodeVersion":25,"isFirstUsage":false,"configFileType":"json","isCI":false,"isPagesCI":false,"isWorkersCI":false,"isInteractive":false,"hasAssets":false,"agent":null,"argsUsed":[],"argsCombination":"","sanitizedCommand":"d1 migrations apply","sanitizedArgs":{},"durationMs":465}}
---
