
--- 2026-03-12T03:33:49.265Z debug
🪵  Writing logs to "/Users/jaz/Desktop/work-projects/agent exchange/.wrangler/logs/wrangler-2026-03-12_03-33-49_193.log"
---

--- 2026-03-12T03:33:49.265Z debug
.env file not found at "/Users/jaz/Desktop/work-projects/agent exchange/.env.local". Continuing... For more details, refer to https://developers.cloudflare.com/workers/wrangler/system-environment-variables/
---

--- 2026-03-12T03:33:49.268Z log

 ⛅️ wrangler 4.72.0
───────────────────
---

--- 2026-03-12T03:33:49.269Z debug
Metrics dispatcher: Posting data {"deviceId":"245b2653-e8ee-4bd1-bf88-c889d462bfc2","event":"wrangler command started","timestamp":1773286429269,"properties":{"amplitude_session_id":1773286429268,"amplitude_event_id":0,"wranglerVersion":"4.72.0","wranglerMajorVersion":4,"wranglerMinorVersion":72,"wranglerPatchVersion":0,"osPlatform":"Mac OS","osVersion":"Darwin Kernel Version 24.6.0: Mon Jul 14 11:30:40 PDT 2025; root:xnu-11417.140.69~1/RELEASE_ARM64_T8132","nodeVersion":25,"isFirstUsage":false,"configFileType":"none","isCI":false,"isPagesCI":false,"isWorkersCI":false,"isInteractive":false,"hasAssets":false,"agent":null,"argsUsed":["projectName"],"argsCombination":"projectName","sanitizedCommand":"pages deploy","sanitizedArgs":{}}}
---

--- 2026-03-12T03:33:49.277Z debug
Configuration file belonging to ⚡️ Pages ⚡️ project detected.
---

--- 2026-03-12T03:33:49.282Z debug
-- START CF API REQUEST: GET https://api.cloudflare.com/client/v4/accounts/12ba092394bed6dc56f9ef901c637f0a/pages/projects/ase
---

--- 2026-03-12T03:33:49.282Z debug
QUERY STRING: omitted; set WRANGLER_LOG_SANITIZE=false to include sanitized data
---

--- 2026-03-12T03:33:49.282Z debug
HEADERS: omitted; set WRANGLER_LOG_SANITIZE=false to include sanitized data
---

--- 2026-03-12T03:33:49.282Z debug
INIT: omitted; set WRANGLER_LOG_SANITIZE=false to include sanitized data
---

--- 2026-03-12T03:33:49.282Z debug
-- END CF API REQUEST
---

--- 2026-03-12T03:33:49.970Z debug
-- START CF API RESPONSE: OK 200
---

--- 2026-03-12T03:33:49.970Z debug
HEADERS: omitted; set WRANGLER_LOG_SANITIZE=false to include sanitized data
---

--- 2026-03-12T03:33:49.970Z debug
RESPONSE: omitted; set WRANGLER_LOG_SANITIZE=false to include sanitized data
---

--- 2026-03-12T03:33:49.970Z debug
-- END CF API RESPONSE
---

--- 2026-03-12T03:33:49.970Z debug
pages deploy: Detecting git repository information...
---

--- 2026-03-12T03:33:49.985Z debug
pages deploy: Git repository detected
---

--- 2026-03-12T03:33:50.009Z debug
pages deploy: Working directory dirty status: true
---

--- 2026-03-12T03:33:50.019Z debug
pages deploy: Detected branch: "main"
---

--- 2026-03-12T03:33:50.029Z debug
pages deploy: Detected commit hash: "98bbe90d7a5d0bbaac6de6f218fdea244de4693e"
---

--- 2026-03-12T03:33:50.101Z debug
pages deploy: Detected commit message: "Remove local database references and env var; docu..."
---

--- 2026-03-12T03:33:50.101Z debug
pages deploy: Git information summary - branch: main, commitHash: 98bbe90d7a5d0bbaac6de6f218fdea244de4693e, commitDirty: true
---

--- 2026-03-12T03:33:50.102Z debug
-- START CF API REQUEST: GET https://api.cloudflare.com/client/v4/accounts/12ba092394bed6dc56f9ef901c637f0a/pages/projects/ase
---

--- 2026-03-12T03:33:50.102Z debug
QUERY STRING: omitted; set WRANGLER_LOG_SANITIZE=false to include sanitized data
---

--- 2026-03-12T03:33:50.102Z debug
HEADERS: omitted; set WRANGLER_LOG_SANITIZE=false to include sanitized data
---

--- 2026-03-12T03:33:50.102Z debug
INIT: omitted; set WRANGLER_LOG_SANITIZE=false to include sanitized data
---

--- 2026-03-12T03:33:50.102Z debug
-- END CF API REQUEST
---

--- 2026-03-12T03:33:51.370Z debug
-- START CF API RESPONSE: OK 200
---

--- 2026-03-12T03:33:51.370Z debug
HEADERS: omitted; set WRANGLER_LOG_SANITIZE=false to include sanitized data
---

--- 2026-03-12T03:33:51.370Z debug
RESPONSE: omitted; set WRANGLER_LOG_SANITIZE=false to include sanitized data
---

--- 2026-03-12T03:33:51.370Z debug
-- END CF API RESPONSE
---

--- 2026-03-12T03:33:51.373Z debug
Configuration file belonging to ⚡️ Pages ⚡️ project detected.
---

--- 2026-03-12T03:33:51.426Z log
✨ Compiled Worker successfully
---

--- 2026-03-12T03:33:51.427Z debug
-- START CF API REQUEST: GET https://api.cloudflare.com/client/v4/accounts/12ba092394bed6dc56f9ef901c637f0a/pages/projects/ase/upload-token
---

--- 2026-03-12T03:33:51.427Z debug
QUERY STRING: omitted; set WRANGLER_LOG_SANITIZE=false to include sanitized data
---

--- 2026-03-12T03:33:51.427Z debug
HEADERS: omitted; set WRANGLER_LOG_SANITIZE=false to include sanitized data
---

--- 2026-03-12T03:33:51.427Z debug
INIT: omitted; set WRANGLER_LOG_SANITIZE=false to include sanitized data
---

--- 2026-03-12T03:33:51.427Z debug
-- END CF API REQUEST
---

--- 2026-03-12T03:33:52.142Z debug
-- START CF API RESPONSE: OK 200
---

--- 2026-03-12T03:33:52.142Z debug
HEADERS: omitted; set WRANGLER_LOG_SANITIZE=false to include sanitized data
---

--- 2026-03-12T03:33:52.142Z debug
RESPONSE: omitted; set WRANGLER_LOG_SANITIZE=false to include sanitized data
---

--- 2026-03-12T03:33:52.142Z debug
-- END CF API RESPONSE
---

--- 2026-03-12T03:33:52.151Z debug
-- START CF API REQUEST: GET https://api.cloudflare.com/client/v4/accounts/12ba092394bed6dc56f9ef901c637f0a/pages/projects/ase/upload-token
---

--- 2026-03-12T03:33:52.151Z debug
QUERY STRING: omitted; set WRANGLER_LOG_SANITIZE=false to include sanitized data
---

--- 2026-03-12T03:33:52.151Z debug
HEADERS: omitted; set WRANGLER_LOG_SANITIZE=false to include sanitized data
---

--- 2026-03-12T03:33:52.151Z debug
INIT: omitted; set WRANGLER_LOG_SANITIZE=false to include sanitized data
---

--- 2026-03-12T03:33:52.151Z debug
-- END CF API REQUEST
---

--- 2026-03-12T03:33:52.408Z debug
-- START CF API RESPONSE: OK 200
---

--- 2026-03-12T03:33:52.408Z debug
HEADERS: omitted; set WRANGLER_LOG_SANITIZE=false to include sanitized data
---

--- 2026-03-12T03:33:52.408Z debug
RESPONSE: omitted; set WRANGLER_LOG_SANITIZE=false to include sanitized data
---

--- 2026-03-12T03:33:52.408Z debug
-- END CF API RESPONSE
---

--- 2026-03-12T03:33:52.409Z debug
-- START CF API REQUEST: POST https://api.cloudflare.com/client/v4/pages/assets/check-missing
---

--- 2026-03-12T03:33:52.409Z debug
QUERY STRING: omitted; set WRANGLER_LOG_SANITIZE=false to include sanitized data
---

--- 2026-03-12T03:33:52.409Z debug
HEADERS: omitted; set WRANGLER_LOG_SANITIZE=false to include sanitized data
---

--- 2026-03-12T03:33:52.409Z debug
INIT: omitted; set WRANGLER_LOG_SANITIZE=false to include sanitized data
---

--- 2026-03-12T03:33:52.409Z debug
-- END CF API REQUEST
---

--- 2026-03-12T03:33:52.946Z debug
-- START CF API RESPONSE: OK 200
---

--- 2026-03-12T03:33:52.947Z debug
HEADERS: omitted; set WRANGLER_LOG_SANITIZE=false to include sanitized data
---

--- 2026-03-12T03:33:52.947Z debug
RESPONSE: omitted; set WRANGLER_LOG_SANITIZE=false to include sanitized data
---

--- 2026-03-12T03:33:52.947Z debug
-- END CF API RESPONSE
---

--- 2026-03-12T03:33:52.947Z log
Uploading... (1/1)
---

--- 2026-03-12T03:33:52.948Z log
✨ Success! Uploaded 0 files (1 already uploaded) (0.54 sec)

---

--- 2026-03-12T03:33:52.948Z debug
-- START CF API REQUEST: POST https://api.cloudflare.com/client/v4/pages/assets/upsert-hashes
---

--- 2026-03-12T03:33:52.948Z debug
QUERY STRING: omitted; set WRANGLER_LOG_SANITIZE=false to include sanitized data
---

--- 2026-03-12T03:33:52.948Z debug
HEADERS: omitted; set WRANGLER_LOG_SANITIZE=false to include sanitized data
---

--- 2026-03-12T03:33:52.948Z debug
INIT: omitted; set WRANGLER_LOG_SANITIZE=false to include sanitized data
---

--- 2026-03-12T03:33:52.948Z debug
-- END CF API REQUEST
---

--- 2026-03-12T03:33:53.428Z debug
-- START CF API RESPONSE: OK 200
---

--- 2026-03-12T03:33:53.428Z debug
HEADERS: omitted; set WRANGLER_LOG_SANITIZE=false to include sanitized data
---

--- 2026-03-12T03:33:53.428Z debug
RESPONSE: omitted; set WRANGLER_LOG_SANITIZE=false to include sanitized data
---

--- 2026-03-12T03:33:53.428Z debug
-- END CF API RESPONSE
---

--- 2026-03-12T03:33:53.429Z log
✨ Uploading _headers
---

--- 2026-03-12T03:33:53.435Z log
✨ Uploading Functions bundle
---

--- 2026-03-12T03:33:53.435Z debug
-- START CF API REQUEST: POST https://api.cloudflare.com/client/v4/accounts/12ba092394bed6dc56f9ef901c637f0a/pages/projects/ase/deployments
---

--- 2026-03-12T03:33:53.435Z debug
QUERY STRING: omitted; set WRANGLER_LOG_SANITIZE=false to include sanitized data
---

--- 2026-03-12T03:33:53.435Z debug
HEADERS: omitted; set WRANGLER_LOG_SANITIZE=false to include sanitized data
---

--- 2026-03-12T03:33:53.435Z debug
INIT: omitted; set WRANGLER_LOG_SANITIZE=false to include sanitized data
---

--- 2026-03-12T03:33:53.437Z debug
BODY: omitted; set WRANGLER_LOG_SANITIZE=false to include sanitized data
---

--- 2026-03-12T03:33:53.437Z debug
-- END CF API REQUEST
---

--- 2026-03-12T03:33:54.988Z debug
-- START CF API RESPONSE: OK 200
---

--- 2026-03-12T03:33:54.988Z debug
HEADERS: omitted; set WRANGLER_LOG_SANITIZE=false to include sanitized data
---

--- 2026-03-12T03:33:54.988Z debug
RESPONSE: omitted; set WRANGLER_LOG_SANITIZE=false to include sanitized data
---

--- 2026-03-12T03:33:54.988Z debug
-- END CF API RESPONSE
---

--- 2026-03-12T03:33:54.989Z debug
Saving to cache: {"account_id":"12ba092394bed6dc56f9ef901c637f0a","project_name":"ase"}
---

--- 2026-03-12T03:33:54.990Z log
🌎 Deploying...
---

--- 2026-03-12T03:33:55.992Z debug
attempt #1: Attempting to fetch status for deployment with id "4ad65464-9d61-4a37-aa64-1abf33ad3400" ...
---

--- 2026-03-12T03:33:55.992Z debug
-- START CF API REQUEST: GET https://api.cloudflare.com/client/v4/accounts/12ba092394bed6dc56f9ef901c637f0a/pages/projects/ase/deployments/4ad65464-9d61-4a37-aa64-1abf33ad3400
---

--- 2026-03-12T03:33:55.992Z debug
QUERY STRING: omitted; set WRANGLER_LOG_SANITIZE=false to include sanitized data
---

--- 2026-03-12T03:33:55.992Z debug
HEADERS: omitted; set WRANGLER_LOG_SANITIZE=false to include sanitized data
---

--- 2026-03-12T03:33:55.992Z debug
INIT: omitted; set WRANGLER_LOG_SANITIZE=false to include sanitized data
---

--- 2026-03-12T03:33:55.992Z debug
-- END CF API REQUEST
---

--- 2026-03-12T03:33:56.304Z debug
-- START CF API RESPONSE: OK 200
---

--- 2026-03-12T03:33:56.304Z debug
HEADERS: omitted; set WRANGLER_LOG_SANITIZE=false to include sanitized data
---

--- 2026-03-12T03:33:56.304Z debug
RESPONSE: omitted; set WRANGLER_LOG_SANITIZE=false to include sanitized data
---

--- 2026-03-12T03:33:56.304Z debug
-- END CF API RESPONSE
---

--- 2026-03-12T03:33:58.306Z debug
attempt #2: Attempting to fetch status for deployment with id "4ad65464-9d61-4a37-aa64-1abf33ad3400" ...
---

--- 2026-03-12T03:33:58.306Z debug
-- START CF API REQUEST: GET https://api.cloudflare.com/client/v4/accounts/12ba092394bed6dc56f9ef901c637f0a/pages/projects/ase/deployments/4ad65464-9d61-4a37-aa64-1abf33ad3400
---

--- 2026-03-12T03:33:58.306Z debug
QUERY STRING: omitted; set WRANGLER_LOG_SANITIZE=false to include sanitized data
---

--- 2026-03-12T03:33:58.306Z debug
HEADERS: omitted; set WRANGLER_LOG_SANITIZE=false to include sanitized data
---

--- 2026-03-12T03:33:58.306Z debug
INIT: omitted; set WRANGLER_LOG_SANITIZE=false to include sanitized data
---

--- 2026-03-12T03:33:58.306Z debug
-- END CF API REQUEST
---

--- 2026-03-12T03:33:58.727Z debug
-- START CF API RESPONSE: OK 200
---

--- 2026-03-12T03:33:58.727Z debug
HEADERS: omitted; set WRANGLER_LOG_SANITIZE=false to include sanitized data
---

--- 2026-03-12T03:33:58.727Z debug
RESPONSE: omitted; set WRANGLER_LOG_SANITIZE=false to include sanitized data
---

--- 2026-03-12T03:33:58.727Z debug
-- END CF API RESPONSE
---

--- 2026-03-12T03:33:58.728Z log
✨ Deployment complete! Take a peek over at https://4ad65464.ase-8tk.pages.dev
---

--- 2026-03-12T03:33:58.730Z debug
Metrics dispatcher: Posting data {"deviceId":"245b2653-e8ee-4bd1-bf88-c889d462bfc2","event":"create pages deployment","timestamp":1773286438730,"properties":{"amplitude_session_id":1773286438728,"amplitude_event_id":0,"wranglerVersion":"4.72.0","wranglerMajorVersion":4,"wranglerMinorVersion":72,"wranglerPatchVersion":0,"osPlatform":"Mac OS","osVersion":"Darwin Kernel Version 24.6.0: Mon Jul 14 11:30:40 PDT 2025; root:xnu-11417.140.69~1/RELEASE_ARM64_T8132","nodeVersion":25,"isFirstUsage":false,"configFileType":"none","isCI":false,"isPagesCI":false,"isWorkersCI":false,"isInteractive":false,"hasAssets":false,"agent":null,"category":"Workers","os":"darwin:arm64"}}
---

--- 2026-03-12T03:33:58.733Z debug
Metrics dispatcher: Posting data {"deviceId":"245b2653-e8ee-4bd1-bf88-c889d462bfc2","event":"wrangler command completed","timestamp":1773286438733,"properties":{"amplitude_session_id":1773286429268,"amplitude_event_id":1,"wranglerVersion":"4.72.0","wranglerMajorVersion":4,"wranglerMinorVersion":72,"wranglerPatchVersion":0,"osPlatform":"Mac OS","osVersion":"Darwin Kernel Version 24.6.0: Mon Jul 14 11:30:40 PDT 2025; root:xnu-11417.140.69~1/RELEASE_ARM64_T8132","nodeVersion":25,"isFirstUsage":false,"configFileType":"none","isCI":false,"isPagesCI":false,"isWorkersCI":false,"isInteractive":false,"hasAssets":false,"agent":null,"argsUsed":["projectName"],"argsCombination":"projectName","sanitizedCommand":"pages deploy","sanitizedArgs":{},"durationMs":9466}}
---
