
--- 2026-03-12T03:35:48.395Z debug
🪵  Writing logs to "/Users/jaz/Desktop/work-projects/agent exchange/.wrangler/logs/wrangler-2026-03-12_03-35-48_328.log"
---

--- 2026-03-12T03:35:48.395Z debug
.env file not found at "/Users/jaz/Desktop/work-projects/agent exchange/.env.local". Continuing... For more details, refer to https://developers.cloudflare.com/workers/wrangler/system-environment-variables/
---

--- 2026-03-12T03:35:48.398Z log

 ⛅️ wrangler 4.72.0
───────────────────
---

--- 2026-03-12T03:35:48.400Z debug
Metrics dispatcher: Posting data {"deviceId":"245b2653-e8ee-4bd1-bf88-c889d462bfc2","event":"wrangler command started","timestamp":1773286548400,"properties":{"amplitude_session_id":1773286548398,"amplitude_event_id":0,"wranglerVersion":"4.72.0","wranglerMajorVersion":4,"wranglerMinorVersion":72,"wranglerPatchVersion":0,"osPlatform":"Mac OS","osVersion":"Darwin Kernel Version 24.6.0: Mon Jul 14 11:30:40 PDT 2025; root:xnu-11417.140.69~1/RELEASE_ARM64_T8132","nodeVersion":25,"isFirstUsage":false,"configFileType":"none","isCI":false,"isPagesCI":false,"isWorkersCI":false,"isInteractive":true,"hasAssets":false,"agent":null,"argsUsed":["projectName"],"argsCombination":"projectName","sanitizedCommand":"pages secret put","sanitizedArgs":{}}}
---

--- 2026-03-12T03:35:48.407Z debug
Configuration file belonging to ⚡️ Pages ⚡️ project detected.
---

--- 2026-03-12T03:35:48.407Z debug
Retrieving cached values for account_id and project_name from node_modules/.cache/wrangler
---

--- 2026-03-12T03:35:48.412Z debug
-- START CF API REQUEST: GET https://api.cloudflare.com/client/v4/accounts/12ba092394bed6dc56f9ef901c637f0a/pages/projects/ase
---

--- 2026-03-12T03:35:48.412Z debug
QUERY STRING: omitted; set WRANGLER_LOG_SANITIZE=false to include sanitized data
---

--- 2026-03-12T03:35:48.412Z debug
HEADERS: omitted; set WRANGLER_LOG_SANITIZE=false to include sanitized data
---

--- 2026-03-12T03:35:48.412Z debug
INIT: omitted; set WRANGLER_LOG_SANITIZE=false to include sanitized data
---

--- 2026-03-12T03:35:48.412Z debug
-- END CF API REQUEST
---

--- 2026-03-12T03:35:48.858Z debug
-- START CF API RESPONSE: OK 200
---

--- 2026-03-12T03:35:48.858Z debug
HEADERS: omitted; set WRANGLER_LOG_SANITIZE=false to include sanitized data
---

--- 2026-03-12T03:35:48.858Z debug
RESPONSE: omitted; set WRANGLER_LOG_SANITIZE=false to include sanitized data
---

--- 2026-03-12T03:35:48.858Z debug
-- END CF API RESPONSE
---

--- 2026-03-12T03:35:53.457Z log
🌀 Creating the secret for the Pages project "ase" (production)
---

--- 2026-03-12T03:35:53.459Z debug
-- START CF API REQUEST: PATCH https://api.cloudflare.com/client/v4/accounts/12ba092394bed6dc56f9ef901c637f0a/pages/projects/ase
---

--- 2026-03-12T03:35:53.459Z debug
QUERY STRING: omitted; set WRANGLER_LOG_SANITIZE=false to include sanitized data
---

--- 2026-03-12T03:35:53.459Z debug
HEADERS: omitted; set WRANGLER_LOG_SANITIZE=false to include sanitized data
---

--- 2026-03-12T03:35:53.459Z debug
INIT: omitted; set WRANGLER_LOG_SANITIZE=false to include sanitized data
---

--- 2026-03-12T03:35:53.459Z debug
-- END CF API REQUEST
---

--- 2026-03-12T03:35:53.918Z debug
-- START CF API RESPONSE: OK 200
---

--- 2026-03-12T03:35:53.919Z debug
HEADERS: omitted; set WRANGLER_LOG_SANITIZE=false to include sanitized data
---

--- 2026-03-12T03:35:53.919Z debug
RESPONSE: omitted; set WRANGLER_LOG_SANITIZE=false to include sanitized data
---

--- 2026-03-12T03:35:53.919Z debug
-- END CF API RESPONSE
---

--- 2026-03-12T03:35:53.919Z debug
Metrics dispatcher: Posting data {"deviceId":"245b2653-e8ee-4bd1-bf88-c889d462bfc2","event":"create pages encrypted variable","timestamp":1773286553919,"properties":{"amplitude_session_id":1773286553919,"amplitude_event_id":0,"wranglerVersion":"4.72.0","wranglerMajorVersion":4,"wranglerMinorVersion":72,"wranglerPatchVersion":0,"osPlatform":"Mac OS","osVersion":"Darwin Kernel Version 24.6.0: Mon Jul 14 11:30:40 PDT 2025; root:xnu-11417.140.69~1/RELEASE_ARM64_T8132","nodeVersion":25,"isFirstUsage":false,"configFileType":"none","isCI":false,"isPagesCI":false,"isWorkersCI":false,"isInteractive":true,"hasAssets":false,"agent":null,"category":"Workers","os":"darwin:arm64","secretOperation":"single","secretSource":"interactive","hasEnvironment":false}}
---

--- 2026-03-12T03:35:53.920Z log
✨ Success! Uploaded secret ADMIN_TOKEN
---

--- 2026-03-12T03:35:53.920Z debug
Metrics dispatcher: Posting data {"deviceId":"245b2653-e8ee-4bd1-bf88-c889d462bfc2","event":"wrangler command completed","timestamp":1773286553920,"properties":{"amplitude_session_id":1773286548398,"amplitude_event_id":1,"wranglerVersion":"4.72.0","wranglerMajorVersion":4,"wranglerMinorVersion":72,"wranglerPatchVersion":0,"osPlatform":"Mac OS","osVersion":"Darwin Kernel Version 24.6.0: Mon Jul 14 11:30:40 PDT 2025; root:xnu-11417.140.69~1/RELEASE_ARM64_T8132","nodeVersion":25,"isFirstUsage":false,"configFileType":"none","isCI":false,"isPagesCI":false,"isWorkersCI":false,"isInteractive":true,"hasAssets":false,"agent":null,"argsUsed":["projectName"],"argsCombination":"projectName","sanitizedCommand":"pages secret put","sanitizedArgs":{},"durationMs":5524}}
---
