
--- 2026-03-12T03:28:39.888Z debug
🪵  Writing logs to "/Users/jaz/Desktop/work-projects/agent exchange/.wrangler/logs/wrangler-2026-03-12_03-28-39_822.log"
---

--- 2026-03-12T03:28:39.888Z debug
.env file not found at "/Users/jaz/Desktop/work-projects/agent exchange/.env.local". Continuing... For more details, refer to https://developers.cloudflare.com/workers/wrangler/system-environment-variables/
---

--- 2026-03-12T03:28:39.891Z log

 ⛅️ wrangler 4.72.0
───────────────────
---

--- 2026-03-12T03:28:39.894Z debug
Metrics dispatcher: Posting data {"deviceId":"245b2653-e8ee-4bd1-bf88-c889d462bfc2","event":"wrangler command started","timestamp":1773286119894,"properties":{"amplitude_session_id":1773286119893,"amplitude_event_id":0,"wranglerVersion":"4.72.0","wranglerMajorVersion":4,"wranglerMinorVersion":72,"wranglerPatchVersion":0,"osPlatform":"Mac OS","osVersion":"Darwin Kernel Version 24.6.0: Mon Jul 14 11:30:40 PDT 2025; root:xnu-11417.140.69~1/RELEASE_ARM64_T8132","nodeVersion":25,"isFirstUsage":false,"configFileType":"json","isCI":false,"isPagesCI":false,"isWorkersCI":false,"isInteractive":false,"hasAssets":false,"agent":null,"argsUsed":[],"argsCombination":"","sanitizedCommand":"d1 list","sanitizedArgs":{}}}
---

--- 2026-03-12T03:28:39.905Z debug
-- START CF API REQUEST: GET https://api.cloudflare.com/client/v4/accounts/12ba092394bed6dc56f9ef901c637f0a/d1/database
---

--- 2026-03-12T03:28:39.905Z debug
QUERY STRING: omitted; set WRANGLER_LOG_SANITIZE=false to include sanitized data
---

--- 2026-03-12T03:28:39.905Z debug
HEADERS: omitted; set WRANGLER_LOG_SANITIZE=false to include sanitized data
---

--- 2026-03-12T03:28:39.905Z debug
INIT: omitted; set WRANGLER_LOG_SANITIZE=false to include sanitized data
---

--- 2026-03-12T03:28:39.905Z debug
-- END CF API REQUEST
---

--- 2026-03-12T03:28:40.299Z debug
-- START CF API RESPONSE: OK 200
---

--- 2026-03-12T03:28:40.299Z debug
HEADERS: omitted; set WRANGLER_LOG_SANITIZE=false to include sanitized data
---

--- 2026-03-12T03:28:40.299Z debug
RESPONSE: omitted; set WRANGLER_LOG_SANITIZE=false to include sanitized data
---

--- 2026-03-12T03:28:40.299Z debug
-- END CF API RESPONSE
---

--- 2026-03-12T03:28:40.301Z log
┌──────────────────────────────────────┬──────────┬──────────────────────────┬────────────┬────────────┬───────────┬──────────────┐
│ uuid                                 │ name     │ created_at               │ version    │ num_tables │ file_size │ jurisdiction │
├──────────────────────────────────────┼──────────┼──────────────────────────┼────────────┼────────────┼───────────┼──────────────┤
│ 8f4c4163-0e2c-40c0-beb9-47f5dbc1e3ac │ database │ 2026-03-12T02:26:36.701Z │ production │ 0          │ 32768     │              │
└──────────────────────────────────────┴──────────┴──────────────────────────┴────────────┴────────────┴───────────┴──────────────┘
---

--- 2026-03-12T03:28:40.302Z debug
Metrics dispatcher: Posting data {"deviceId":"245b2653-e8ee-4bd1-bf88-c889d462bfc2","event":"wrangler command completed","timestamp":1773286120302,"properties":{"amplitude_session_id":1773286119893,"amplitude_event_id":1,"wranglerVersion":"4.72.0","wranglerMajorVersion":4,"wranglerMinorVersion":72,"wranglerPatchVersion":0,"osPlatform":"Mac OS","osVersion":"Darwin Kernel Version 24.6.0: Mon Jul 14 11:30:40 PDT 2025; root:xnu-11417.140.69~1/RELEASE_ARM64_T8132","nodeVersion":25,"isFirstUsage":false,"configFileType":"json","isCI":false,"isPagesCI":false,"isWorkersCI":false,"isInteractive":false,"hasAssets":false,"agent":null,"argsUsed":[],"argsCombination":"","sanitizedCommand":"d1 list","sanitizedArgs":{},"durationMs":412}}
---
